Archive member included because of file (symbol)

c:/winavr-20100110/bin/../lib/gcc/avr/4.3.3/../../../../avr/lib/avr5\libm.a(addsf3.o)
                              main.o (__subsf3)
c:/winavr-20100110/bin/../lib/gcc/avr/4.3.3/../../../../avr/lib/avr5\libm.a(addsf3x.o)
                              c:/winavr-20100110/bin/../lib/gcc/avr/4.3.3/../../../../avr/lib/avr5\libm.a(addsf3.o) (__addsf3x)
c:/winavr-20100110/bin/../lib/gcc/avr/4.3.3/../../../../avr/lib/avr5\libm.a(cmpsf2.o)
                              main.o (__ltsf2)
c:/winavr-20100110/bin/../lib/gcc/avr/4.3.3/../../../../avr/lib/avr5\libm.a(divsf3.o)
                              main.o (__divsf3)
c:/winavr-20100110/bin/../lib/gcc/avr/4.3.3/../../../../avr/lib/avr5\libm.a(divsf3x.o)
                              c:/winavr-20100110/bin/../lib/gcc/avr/4.3.3/../../../../avr/lib/avr5\libm.a(divsf3.o) (__divsf3x)
c:/winavr-20100110/bin/../lib/gcc/avr/4.3.3/../../../../avr/lib/avr5\libm.a(fixsfsi.o)
                              main.o (__fixsfsi)
c:/winavr-20100110/bin/../lib/gcc/avr/4.3.3/../../../../avr/lib/avr5\libm.a(fixunssfsi.o)
                              main.o (__fixunssfsi)
c:/winavr-20100110/bin/../lib/gcc/avr/4.3.3/../../../../avr/lib/avr5\libm.a(floatsisf.o)
                              main.o (__floatunsisf)
c:/winavr-20100110/bin/../lib/gcc/avr/4.3.3/../../../../avr/lib/avr5\libm.a(fp_cmp.o)
                              c:/winavr-20100110/bin/../lib/gcc/avr/4.3.3/../../../../avr/lib/avr5\libm.a(cmpsf2.o) (__fp_cmp)
c:/winavr-20100110/bin/../lib/gcc/avr/4.3.3/../../../../avr/lib/avr5\libm.a(fp_inf.o)
                              c:/winavr-20100110/bin/../lib/gcc/avr/4.3.3/../../../../avr/lib/avr5\libm.a(addsf3x.o) (__fp_inf)
c:/winavr-20100110/bin/../lib/gcc/avr/4.3.3/../../../../avr/lib/avr5\libm.a(fp_nan.o)
                              c:/winavr-20100110/bin/../lib/gcc/avr/4.3.3/../../../../avr/lib/avr5\libm.a(addsf3x.o) (__fp_nan)
c:/winavr-20100110/bin/../lib/gcc/avr/4.3.3/../../../../avr/lib/avr5\libm.a(fp_pscA.o)
                              c:/winavr-20100110/bin/../lib/gcc/avr/4.3.3/../../../../avr/lib/avr5\libm.a(addsf3x.o) (__fp_pscA)
c:/winavr-20100110/bin/../lib/gcc/avr/4.3.3/../../../../avr/lib/avr5\libm.a(fp_pscB.o)
                              c:/winavr-20100110/bin/../lib/gcc/avr/4.3.3/../../../../avr/lib/avr5\libm.a(addsf3x.o) (__fp_pscB)
c:/winavr-20100110/bin/../lib/gcc/avr/4.3.3/../../../../avr/lib/avr5\libm.a(fp_round.o)
                              c:/winavr-20100110/bin/../lib/gcc/avr/4.3.3/../../../../avr/lib/avr5\libm.a(addsf3.o) (__fp_round)
c:/winavr-20100110/bin/../lib/gcc/avr/4.3.3/../../../../avr/lib/avr5\libm.a(fp_split3.o)
                              c:/winavr-20100110/bin/../lib/gcc/avr/4.3.3/../../../../avr/lib/avr5\libm.a(addsf3x.o) (__fp_split3)
c:/winavr-20100110/bin/../lib/gcc/avr/4.3.3/../../../../avr/lib/avr5\libm.a(fp_zero.o)
                              c:/winavr-20100110/bin/../lib/gcc/avr/4.3.3/../../../../avr/lib/avr5\libm.a(addsf3x.o) (__fp_zero)
c:/winavr-20100110/bin/../lib/gcc/avr/4.3.3/../../../../avr/lib/avr5\libm.a(gesf2.o)
                              main.o (__gtsf2)
c:/winavr-20100110/bin/../lib/gcc/avr/4.3.3/../../../../avr/lib/avr5\libm.a(mulsf3.o)
                              main.o (__mulsf3)
c:/winavr-20100110/bin/../lib/gcc/avr/4.3.3/../../../../avr/lib/avr5\libm.a(mulsf3x.o)
                              c:/winavr-20100110/bin/../lib/gcc/avr/4.3.3/../../../../avr/lib/avr5\libm.a(mulsf3.o) (__mulsf3x)
c:/winavr-20100110/bin/../lib/gcc/avr/4.3.3/avr5\libgcc.a(_divmodhi4.o)
                              main.o (__divmodhi4)
c:/winavr-20100110/bin/../lib/gcc/avr/4.3.3/avr5\libgcc.a(_exit.o)
                              c:/winavr-20100110/bin/../lib/gcc/avr/4.3.3/../../../../avr/lib/avr5/crtm16.o (exit)
c:/winavr-20100110/bin/../lib/gcc/avr/4.3.3/avr5\libgcc.a(_copy_data.o)
                              main.o (__do_copy_data)
c:/winavr-20100110/bin/../lib/gcc/avr/4.3.3/avr5\libgcc.a(_clear_bss.o)
                              main.o (__do_clear_bss)
c:/winavr-20100110/bin/../lib/gcc/avr/4.3.3/avr5\libgcc.a(_udivmodhi4.o)
                              c:/winavr-20100110/bin/../lib/gcc/avr/4.3.3/avr5\libgcc.a(_divmodhi4.o) (__udivmodhi4)
c:/winavr-20100110/bin/../lib/gcc/avr/4.3.3/../../../../avr/lib/avr5\libc.a(eerd_byte_atmega16.o)
                              main.o (__eerd_byte_m16)
c:/winavr-20100110/bin/../lib/gcc/avr/4.3.3/../../../../avr/lib/avr5\libc.a(eewr_byte_atmega16.o)
                              main.o (__eewr_byte_m16)

Allocating common symbols
Common symbol       size              file

control             0x4               main.o
dir_array           0x288             main.o
my                  0x2               main.o
max                 0x4               main.o
threshold1          0x4               main.o
min                 0x4               main.o
prev_error          0x4               main.o
mx                  0x2               main.o
act_error           0x4               main.o

Memory Configuration

Name             Origin             Length             Attributes
text             0x00000000         0x00020000         xr
data             0x00800060         0x0000ffa0         rw !x
eeprom           0x00810000         0x00010000         rw !x
fuse             0x00820000         0x00000400         rw !x
lock             0x00830000         0x00000400         rw !x
signature        0x00840000         0x00000400         rw !x
*default*        0x00000000         0xffffffff

Linker script and memory map

LOAD c:/winavr-20100110/bin/../lib/gcc/avr/4.3.3/../../../../avr/lib/avr5/crtm16.o
LOAD main.o
LOAD c:/winavr-20100110/bin/../lib/gcc/avr/4.3.3/../../../../avr/lib/avr5\libm.a
LOAD c:/winavr-20100110/bin/../lib/gcc/avr/4.3.3/avr5\libgcc.a
LOAD c:/winavr-20100110/bin/../lib/gcc/avr/4.3.3/../../../../avr/lib/avr5\libc.a
LOAD c:/winavr-20100110/bin/../lib/gcc/avr/4.3.3/avr5\libgcc.a

.hash
 *(.hash)

.dynsym
 *(.dynsym)

.dynstr
 *(.dynstr)

.gnu.version
 *(.gnu.version)

.gnu.version_d
 *(.gnu.version_d)

.gnu.version_r
 *(.gnu.version_r)

.rel.init
 *(.rel.init)

.rela.init
 *(.rela.init)

.rel.text
 *(.rel.text)
 *(.rel.text.*)
 *(.rel.gnu.linkonce.t*)

.rela.text
 *(.rela.text)
 *(.rela.text.*)
 *(.rela.gnu.linkonce.t*)

.rel.fini
 *(.rel.fini)

.rela.fini
 *(.rela.fini)

.rel.rodata
 *(.rel.rodata)
 *(.rel.rodata.*)
 *(.rel.gnu.linkonce.r*)

.rela.rodata
 *(.rela.rodata)
 *(.rela.rodata.*)
 *(.rela.gnu.linkonce.r*)

.rel.data
 *(.rel.data)
 *(.rel.data.*)
 *(.rel.gnu.linkonce.d*)

.rela.data
 *(.rela.data)
 *(.rela.data.*)
 *(.rela.gnu.linkonce.d*)

.rel.ctors
 *(.rel.ctors)

.rela.ctors
 *(.rela.ctors)

.rel.dtors
 *(.rel.dtors)

.rela.dtors
 *(.rela.dtors)

.rel.got
 *(.rel.got)

.rela.got
 *(.rela.got)

.rel.bss
 *(.rel.bss)

.rela.bss
 *(.rela.bss)

.rel.plt
 *(.rel.plt)

.rela.plt
 *(.rela.plt)

.text           0x00000000     0x2010
 *(.vectors)
 .vectors       0x00000000       0x54 c:/winavr-20100110/bin/../lib/gcc/avr/4.3.3/../../../../avr/lib/avr5/crtm16.o
                0x00000000                __vectors
                0x00000000                __vector_default
 *(.vectors)
 *(.progmem.gcc*)
 *(.progmem*)
                0x00000054                . = ALIGN (0x2)
                0x00000054                __trampolines_start = .
 *(.trampolines)
 .trampolines   0x00000054        0x0 linker stubs
 *(.trampolines*)
                0x00000054                __trampolines_end = .
 *(.jumptables)
 *(.jumptables*)
 *(.lowtext)
 *(.lowtext*)
                0x00000054                __ctors_start = .
 *(.ctors)
                0x00000054                __ctors_end = .
                0x00000054                __dtors_start = .
 *(.dtors)
                0x00000054                __dtors_end = .
 SORT(*)(.ctors)
 SORT(*)(.dtors)
 *(.init0)
 .init0         0x00000054        0x0 c:/winavr-20100110/bin/../lib/gcc/avr/4.3.3/../../../../avr/lib/avr5/crtm16.o
                0x00000054                __init
 *(.init0)
 *(.init1)
 *(.init1)
 *(.init2)
 .init2         0x00000054        0xc c:/winavr-20100110/bin/../lib/gcc/avr/4.3.3/../../../../avr/lib/avr5/crtm16.o
 *(.init2)
 *(.init3)
 *(.init3)
 *(.init4)
 .init4         0x00000060       0x16 c:/winavr-20100110/bin/../lib/gcc/avr/4.3.3/avr5\libgcc.a(_copy_data.o)
                0x00000060                __do_copy_data
 .init4         0x00000076       0x10 c:/winavr-20100110/bin/../lib/gcc/avr/4.3.3/avr5\libgcc.a(_clear_bss.o)
                0x00000076                __do_clear_bss
 *(.init4)
 *(.init5)
 *(.init5)
 *(.init6)
 *(.init6)
 *(.init7)
 *(.init7)
 *(.init8)
 *(.init8)
 *(.init9)
 .init9         0x00000086        0x8 c:/winavr-20100110/bin/../lib/gcc/avr/4.3.3/../../../../avr/lib/avr5/crtm16.o
 *(.init9)
 *(.text)
 .text          0x0000008e        0x4 c:/winavr-20100110/bin/../lib/gcc/avr/4.3.3/../../../../avr/lib/avr5/crtm16.o
                0x0000008e                __vector_1
                0x0000008e                __vector_12
                0x0000008e                __bad_interrupt
                0x0000008e                __vector_6
                0x0000008e                __vector_3
                0x0000008e                __vector_11
                0x0000008e                __vector_13
                0x0000008e                __vector_17
                0x0000008e                __vector_19
                0x0000008e                __vector_7
                0x0000008e                __vector_5
                0x0000008e                __vector_4
                0x0000008e                __vector_9
                0x0000008e                __vector_2
                0x0000008e                __vector_15
                0x0000008e                __vector_8
                0x0000008e                __vector_14
                0x0000008e                __vector_10
                0x0000008e                __vector_16
                0x0000008e                __vector_18
                0x0000008e                __vector_20
 .text          0x00000092     0x1acc main.o
                0x00000092                port_init
                0x00000eba                left_junc_check
                0x00000670                bot_spot_left
                0x00000a9e                turn_right
                0x0000067a                bot_spot_right
                0x00000f86                frSensorCheck
                0x00000648                bot_right
                0x000006b6                pressed_switch1
                0x00000586                lcd_goto_xy
                0x000006fc                line_track
                0x000005ec                usart_transmit_string
                0x000006a6                pressed_switch0
                0x000002d0                check_sensors
                0x00000be0                update_array
                0x000008ce                Uturn
                0x0000062a                bot_left_backward
                0x00000342                calibrate_black
                0x00000a3a                turn_left
                0x000004ae                lcd_write_string
                0x000010d8                fill_missed_array
                0x000005ae                lcd_write_int_xy
                0x00000698                switch_init
                0x0000089e                init_devices
                0x00000600                usart_transmit_newline
                0x00000b12                sense_of_directon
                0x0000065c                bot_forward
                0x000000dc                adc_start
                0x000003a2                set_pwm1b
                0x000004ca                lcd_write_int
                0x00000612                usart_receive_char
                0x000000ee                delay_sec
                0x00000318                calibrate_white
                0x00000666                bot_backward
                0x000003fe                lcd_byte
                0x00000966                special_case_check
                0x00001ab0                retrieve_threshold
                0x000005d0                usart_init
                0x0000044e                lcd_init
                0x000019ec                main
                0x0000061a                bot_motion_init
                0x00000684                bot_stop
                0x000006ca                pressed_switch2
                0x0000036c                flick
                0x000001ca                delay_microsec
                0x0000068e                bot_brake
                0x00000d02                update_coordinates
                0x000000ca                adc_init
                0x00000620                bot_left_forward
                0x0000063e                bot_left
                0x000003a8                lcd_busy_loop
                0x0000039c                set_pwm1a
                0x00000652                bot_right_backward
                0x000009d6                line_track_new
                0x00000598                lcd_write_string_xy
                0x000006e2                pressed_switch3
                0x00000634                bot_right_forward
                0x0000123c                coordinates_tobe_reached
                0x0000136e                right_junc_check
                0x00000120                delay_millisec
                0x000005e4                usart_transmit_char
                0x0000105a                is_coordinate_null
                0x000000a6                pwm1_init
                0x00001ae2                set_threshold
                0x0000092c                left_count
 .text          0x00001b5e        0x0 c:/winavr-20100110/bin/../lib/gcc/avr/4.3.3/../../../../avr/lib/avr5\libm.a(addsf3.o)
 .text          0x00001b5e        0x0 c:/winavr-20100110/bin/../lib/gcc/avr/4.3.3/../../../../avr/lib/avr5\libm.a(addsf3x.o)
 .text          0x00001b5e        0x0 c:/winavr-20100110/bin/../lib/gcc/avr/4.3.3/../../../../avr/lib/avr5\libm.a(cmpsf2.o)
 .text          0x00001b5e        0x0 c:/winavr-20100110/bin/../lib/gcc/avr/4.3.3/../../../../avr/lib/avr5\libm.a(divsf3.o)
 .text          0x00001b5e        0x0 c:/winavr-20100110/bin/../lib/gcc/avr/4.3.3/../../../../avr/lib/avr5\libm.a(divsf3x.o)
 .text          0x00001b5e        0x0 c:/winavr-20100110/bin/../lib/gcc/avr/4.3.3/../../../../avr/lib/avr5\libm.a(fixsfsi.o)
 .text          0x00001b5e        0x0 c:/winavr-20100110/bin/../lib/gcc/avr/4.3.3/../../../../avr/lib/avr5\libm.a(fixunssfsi.o)
 .text          0x00001b5e        0x0 c:/winavr-20100110/bin/../lib/gcc/avr/4.3.3/../../../../avr/lib/avr5\libm.a(floatsisf.o)
 .text          0x00001b5e        0x0 c:/winavr-20100110/bin/../lib/gcc/avr/4.3.3/../../../../avr/lib/avr5\libm.a(fp_cmp.o)
 .text          0x00001b5e        0x0 c:/winavr-20100110/bin/../lib/gcc/avr/4.3.3/../../../../avr/lib/avr5\libm.a(fp_inf.o)
 .text          0x00001b5e        0x0 c:/winavr-20100110/bin/../lib/gcc/avr/4.3.3/../../../../avr/lib/avr5\libm.a(fp_nan.o)
 .text          0x00001b5e        0x0 c:/winavr-20100110/bin/../lib/gcc/avr/4.3.3/../../../../avr/lib/avr5\libm.a(fp_pscA.o)
 .text          0x00001b5e        0x0 c:/winavr-20100110/bin/../lib/gcc/avr/4.3.3/../../../../avr/lib/avr5\libm.a(fp_pscB.o)
 .text          0x00001b5e        0x0 c:/winavr-20100110/bin/../lib/gcc/avr/4.3.3/../../../../avr/lib/avr5\libm.a(fp_round.o)
 .text          0x00001b5e        0x0 c:/winavr-20100110/bin/../lib/gcc/avr/4.3.3/../../../../avr/lib/avr5\libm.a(fp_split3.o)
 .text          0x00001b5e        0x0 c:/winavr-20100110/bin/../lib/gcc/avr/4.3.3/../../../../avr/lib/avr5\libm.a(fp_zero.o)
 .text          0x00001b5e        0x0 c:/winavr-20100110/bin/../lib/gcc/avr/4.3.3/../../../../avr/lib/avr5\libm.a(gesf2.o)
 .text          0x00001b5e        0x0 c:/winavr-20100110/bin/../lib/gcc/avr/4.3.3/../../../../avr/lib/avr5\libm.a(mulsf3.o)
 .text          0x00001b5e        0x0 c:/winavr-20100110/bin/../lib/gcc/avr/4.3.3/../../../../avr/lib/avr5\libm.a(mulsf3x.o)
 .text          0x00001b5e        0x0 c:/winavr-20100110/bin/../lib/gcc/avr/4.3.3/avr5\libgcc.a(_divmodhi4.o)
 .text          0x00001b5e        0x0 c:/winavr-20100110/bin/../lib/gcc/avr/4.3.3/avr5\libgcc.a(_exit.o)
 .text          0x00001b5e        0x0 c:/winavr-20100110/bin/../lib/gcc/avr/4.3.3/avr5\libgcc.a(_copy_data.o)
 .text          0x00001b5e        0x0 c:/winavr-20100110/bin/../lib/gcc/avr/4.3.3/avr5\libgcc.a(_clear_bss.o)
 .text          0x00001b5e        0x0 c:/winavr-20100110/bin/../lib/gcc/avr/4.3.3/avr5\libgcc.a(_udivmodhi4.o)
 .text          0x00001b5e        0x0 c:/winavr-20100110/bin/../lib/gcc/avr/4.3.3/../../../../avr/lib/avr5\libc.a(eerd_byte_atmega16.o)
 .text          0x00001b5e        0x0 c:/winavr-20100110/bin/../lib/gcc/avr/4.3.3/../../../../avr/lib/avr5\libc.a(eewr_byte_atmega16.o)
                0x00001b5e                . = ALIGN (0x2)
 *(.text.*)
 .text.avr-libc.fplib
                0x00001b5e        0xa c:/winavr-20100110/bin/../lib/gcc/avr/4.3.3/../../../../avr/lib/avr5\libm.a(addsf3.o)
                0x00001b5e                __subsf3
                0x00001b60                __addsf3
 .text.avr-libc.fplib
                0x00001b68       0xc0 c:/winavr-20100110/bin/../lib/gcc/avr/4.3.3/../../../../avr/lib/avr5\libm.a(addsf3x.o)
                0x00001b82                __addsf3x
 .text.avr-libc.fplib
                0x00001c28        0x8 c:/winavr-20100110/bin/../lib/gcc/avr/4.3.3/../../../../avr/lib/avr5\libm.a(cmpsf2.o)
                0x00001c28                __lesf2
                0x00001c28                __nesf2
                0x00001c28                __eqsf2
                0x00001c28                __cmpsf2
                0x00001c28                __ltsf2
 .text.avr-libc.fplib
                0x00001c30        0x4 c:/winavr-20100110/bin/../lib/gcc/avr/4.3.3/../../../../avr/lib/avr5\libm.a(divsf3.o)
                0x00001c30                __divsf3
 .text.avr-libc.fplib
                0x00001c34       0xcc c:/winavr-20100110/bin/../lib/gcc/avr/4.3.3/../../../../avr/lib/avr5\libm.a(divsf3x.o)
                0x00001c4a                __divsf3x
                0x00001c4e                __divsf3_pse
 .text.avr-libc.fplib
                0x00001d00        0xa c:/winavr-20100110/bin/../lib/gcc/avr/4.3.3/../../../../avr/lib/avr5\libm.a(fixsfsi.o)
                0x00001d00                __fixsfsi
 .text.avr-libc.fplib
                0x00001d0a       0x58 c:/winavr-20100110/bin/../lib/gcc/avr/4.3.3/../../../../avr/lib/avr5\libm.a(fixunssfsi.o)
                0x00001d0a                __fixunssfsi
 .text.avr-libc.fplib
                0x00001d62       0x7a c:/winavr-20100110/bin/../lib/gcc/avr/4.3.3/../../../../avr/lib/avr5\libm.a(floatsisf.o)
                0x00001d66                __floatsisf
                0x00001d62                __floatunsisf
 .text.avr-libc.fplib
                0x00001ddc       0x48 c:/winavr-20100110/bin/../lib/gcc/avr/4.3.3/../../../../avr/lib/avr5\libm.a(fp_cmp.o)
                0x00001ddc                __fp_cmp
 .text.avr-libc.fplib
                0x00001e24        0xc c:/winavr-20100110/bin/../lib/gcc/avr/4.3.3/../../../../avr/lib/avr5\libm.a(fp_inf.o)
                0x00001e24                __fp_inf
 .text.avr-libc.fplib
                0x00001e30        0x6 c:/winavr-20100110/bin/../lib/gcc/avr/4.3.3/../../../../avr/lib/avr5\libm.a(fp_nan.o)
                0x00001e30                __fp_nan
 .text.avr-libc.fplib
                0x00001e36        0xe c:/winavr-20100110/bin/../lib/gcc/avr/4.3.3/../../../../avr/lib/avr5\libm.a(fp_pscA.o)
                0x00001e36                __fp_pscA
 .text.avr-libc.fplib
                0x00001e44        0xe c:/winavr-20100110/bin/../lib/gcc/avr/4.3.3/../../../../avr/lib/avr5\libm.a(fp_pscB.o)
                0x00001e44                __fp_pscB
 .text.avr-libc.fplib
                0x00001e52       0x22 c:/winavr-20100110/bin/../lib/gcc/avr/4.3.3/../../../../avr/lib/avr5\libm.a(fp_round.o)
                0x00001e52                __fp_round
 .text.avr-libc.fplib
                0x00001e74       0x44 c:/winavr-20100110/bin/../lib/gcc/avr/4.3.3/../../../../avr/lib/avr5\libm.a(fp_split3.o)
                0x00001e74                __fp_split3
                0x00001e84                __fp_splitA
 .text.avr-libc.fplib
                0x00001eb8        0xe c:/winavr-20100110/bin/../lib/gcc/avr/4.3.3/../../../../avr/lib/avr5\libm.a(fp_zero.o)
                0x00001eb8                __fp_zero
                0x00001eba                __fp_szero
 .text.avr-libc.fplib
                0x00001ec6        0x8 c:/winavr-20100110/bin/../lib/gcc/avr/4.3.3/../../../../avr/lib/avr5\libm.a(gesf2.o)
                0x00001ec6                __gtsf2
                0x00001ec6                __gesf2
 .text.avr-libc.fplib
                0x00001ece        0x4 c:/winavr-20100110/bin/../lib/gcc/avr/4.3.3/../../../../avr/lib/avr5\libm.a(mulsf3.o)
                0x00001ece                __mulsf3
 .text.avr-libc.fplib
                0x00001ed2       0xc2 c:/winavr-20100110/bin/../lib/gcc/avr/4.3.3/../../../../avr/lib/avr5\libm.a(mulsf3x.o)
                0x00001eea                __mulsf3_pse
                0x00001ee6                __mulsf3x
 .text.libgcc   0x00001f94       0x26 c:/winavr-20100110/bin/../lib/gcc/avr/4.3.3/avr5\libgcc.a(_divmodhi4.o)
                0x00001f94                __divmodhi4
                0x00001f94                _div
 .text.libgcc   0x00001fba        0x0 c:/winavr-20100110/bin/../lib/gcc/avr/4.3.3/avr5\libgcc.a(_exit.o)
 .text.libgcc   0x00001fba        0x0 c:/winavr-20100110/bin/../lib/gcc/avr/4.3.3/avr5\libgcc.a(_copy_data.o)
 .text.libgcc   0x00001fba        0x0 c:/winavr-20100110/bin/../lib/gcc/avr/4.3.3/avr5\libgcc.a(_clear_bss.o)
 .text.libgcc   0x00001fba       0x28 c:/winavr-20100110/bin/../lib/gcc/avr/4.3.3/avr5\libgcc.a(_udivmodhi4.o)
                0x00001fba                __udivmodhi4
 .text.avr-libc
                0x00001fe2       0x10 c:/winavr-20100110/bin/../lib/gcc/avr/4.3.3/../../../../avr/lib/avr5\libc.a(eerd_byte_atmega16.o)
                0x00001fe2                __eerd_byte_m16
 .text.avr-libc
                0x00001ff2       0x1a c:/winavr-20100110/bin/../lib/gcc/avr/4.3.3/../../../../avr/lib/avr5\libc.a(eewr_byte_atmega16.o)
                0x00001ff4                __eewr_r18_m16
                0x00001ff2                __eewr_byte_m16
                0x0000200c                . = ALIGN (0x2)
 *(.fini9)
 .fini9         0x0000200c        0x0 c:/winavr-20100110/bin/../lib/gcc/avr/4.3.3/avr5\libgcc.a(_exit.o)
                0x0000200c                exit
                0x0000200c                _exit
 *(.fini9)
 *(.fini8)
 *(.fini8)
 *(.fini7)
 *(.fini7)
 *(.fini6)
 *(.fini6)
 *(.fini5)
 *(.fini5)
 *(.fini4)
 *(.fini4)
 *(.fini3)
 *(.fini3)
 *(.fini2)
 *(.fini2)
 *(.fini1)
 *(.fini1)
 *(.fini0)
 .fini0         0x0000200c        0x4 c:/winavr-20100110/bin/../lib/gcc/avr/4.3.3/avr5\libgcc.a(_exit.o)
 *(.fini0)
                0x00002010                _etext = .

.data           0x00800060       0x90 load address 0x00002010
                0x00800060                PROVIDE (__data_start, .)
 *(.data)
 .data          0x00800060        0x0 c:/winavr-20100110/bin/../lib/gcc/avr/4.3.3/../../../../avr/lib/avr5/crtm16.o
 .data          0x00800060       0x90 main.o
                0x008000e5                kd
                0x008000e9                turn
                0x008000df                opt
                0x008000ee                y_coordinate
                0x008000ec                x_coordinate
                0x008000ea                dir
                0x008000e1                kp
 .data          0x008000f0        0x0 c:/winavr-20100110/bin/../lib/gcc/avr/4.3.3/../../../../avr/lib/avr5\libm.a(addsf3.o)
 .data          0x008000f0        0x0 c:/winavr-20100110/bin/../lib/gcc/avr/4.3.3/../../../../avr/lib/avr5\libm.a(addsf3x.o)
 .data          0x008000f0        0x0 c:/winavr-20100110/bin/../lib/gcc/avr/4.3.3/../../../../avr/lib/avr5\libm.a(cmpsf2.o)
 .data          0x008000f0        0x0 c:/winavr-20100110/bin/../lib/gcc/avr/4.3.3/../../../../avr/lib/avr5\libm.a(divsf3.o)
 .data          0x008000f0        0x0 c:/winavr-20100110/bin/../lib/gcc/avr/4.3.3/../../../../avr/lib/avr5\libm.a(divsf3x.o)
 .data          0x008000f0        0x0 c:/winavr-20100110/bin/../lib/gcc/avr/4.3.3/../../../../avr/lib/avr5\libm.a(fixsfsi.o)
 .data          0x008000f0        0x0 c:/winavr-20100110/bin/../lib/gcc/avr/4.3.3/../../../../avr/lib/avr5\libm.a(fixunssfsi.o)
 .data          0x008000f0        0x0 c:/winavr-20100110/bin/../lib/gcc/avr/4.3.3/../../../../avr/lib/avr5\libm.a(floatsisf.o)
 .data          0x008000f0        0x0 c:/winavr-20100110/bin/../lib/gcc/avr/4.3.3/../../../../avr/lib/avr5\libm.a(fp_cmp.o)
 .data          0x008000f0        0x0 c:/winavr-20100110/bin/../lib/gcc/avr/4.3.3/../../../../avr/lib/avr5\libm.a(fp_inf.o)
 .data          0x008000f0        0x0 c:/winavr-20100110/bin/../lib/gcc/avr/4.3.3/../../../../avr/lib/avr5\libm.a(fp_nan.o)
 .data          0x008000f0        0x0 c:/winavr-20100110/bin/../lib/gcc/avr/4.3.3/../../../../avr/lib/avr5\libm.a(fp_pscA.o)
 .data          0x008000f0        0x0 c:/winavr-20100110/bin/../lib/gcc/avr/4.3.3/../../../../avr/lib/avr5\libm.a(fp_pscB.o)
 .data          0x008000f0        0x0 c:/winavr-20100110/bin/../lib/gcc/avr/4.3.3/../../../../avr/lib/avr5\libm.a(fp_round.o)
 .data          0x008000f0        0x0 c:/winavr-20100110/bin/../lib/gcc/avr/4.3.3/../../../../avr/lib/avr5\libm.a(fp_split3.o)
 .data          0x008000f0        0x0 c:/winavr-20100110/bin/../lib/gcc/avr/4.3.3/../../../../avr/lib/avr5\libm.a(fp_zero.o)
 .data          0x008000f0        0x0 c:/winavr-20100110/bin/../lib/gcc/avr/4.3.3/../../../../avr/lib/avr5\libm.a(gesf2.o)
 .data          0x008000f0        0x0 c:/winavr-20100110/bin/../lib/gcc/avr/4.3.3/../../../../avr/lib/avr5\libm.a(mulsf3.o)
 .data          0x008000f0        0x0 c:/winavr-20100110/bin/../lib/gcc/avr/4.3.3/../../../../avr/lib/avr5\libm.a(mulsf3x.o)
 .data          0x008000f0        0x0 c:/winavr-20100110/bin/../lib/gcc/avr/4.3.3/avr5\libgcc.a(_divmodhi4.o)
 .data          0x008000f0        0x0 c:/winavr-20100110/bin/../lib/gcc/avr/4.3.3/avr5\libgcc.a(_exit.o)
 .data          0x008000f0        0x0 c:/winavr-20100110/bin/../lib/gcc/avr/4.3.3/avr5\libgcc.a(_copy_data.o)
 .data          0x008000f0        0x0 c:/winavr-20100110/bin/../lib/gcc/avr/4.3.3/avr5\libgcc.a(_clear_bss.o)
 .data          0x008000f0        0x0 c:/winavr-20100110/bin/../lib/gcc/avr/4.3.3/avr5\libgcc.a(_udivmodhi4.o)
 .data          0x008000f0        0x0 c:/winavr-20100110/bin/../lib/gcc/avr/4.3.3/../../../../avr/lib/avr5\libc.a(eerd_byte_atmega16.o)
 .data          0x008000f0        0x0 c:/winavr-20100110/bin/../lib/gcc/avr/4.3.3/../../../../avr/lib/avr5\libc.a(eewr_byte_atmega16.o)
 *(.data*)
 *(.rodata)
 *(.rodata*)
 *(.gnu.linkonce.d*)
                0x008000f0                . = ALIGN (0x2)
                0x008000f0                _edata = .
                0x008000f0                PROVIDE (__data_end, .)

.bss            0x008000f0      0x2bd
                0x008000f0                PROVIDE (__bss_start, .)
 *(.bss)
 .bss           0x008000f0        0x0 c:/winavr-20100110/bin/../lib/gcc/avr/4.3.3/../../../../avr/lib/avr5/crtm16.o
 .bss           0x008000f0       0x19 main.o
                0x008000f1                mpos
                0x008000f9                straight
                0x00800107                Coordinates_changed_by
                0x008000f5                l
                0x00800103                temp
                0x008000fd                flag1
                0x008000f3                flcount
                0x008000fb                lcountPrev
                0x008000f7                lcount
                0x00800101                lcount_forStraight_prev
                0x008000f0                sensorbyte
                0x008000ff                irc
                0x00800105                temp_forStraight
 .bss           0x00800109        0x0 c:/winavr-20100110/bin/../lib/gcc/avr/4.3.3/../../../../avr/lib/avr5\libm.a(addsf3.o)
 .bss           0x00800109        0x0 c:/winavr-20100110/bin/../lib/gcc/avr/4.3.3/../../../../avr/lib/avr5\libm.a(addsf3x.o)
 .bss           0x00800109        0x0 c:/winavr-20100110/bin/../lib/gcc/avr/4.3.3/../../../../avr/lib/avr5\libm.a(cmpsf2.o)
 .bss           0x00800109        0x0 c:/winavr-20100110/bin/../lib/gcc/avr/4.3.3/../../../../avr/lib/avr5\libm.a(divsf3.o)
 .bss           0x00800109        0x0 c:/winavr-20100110/bin/../lib/gcc/avr/4.3.3/../../../../avr/lib/avr5\libm.a(divsf3x.o)
 .bss           0x00800109        0x0 c:/winavr-20100110/bin/../lib/gcc/avr/4.3.3/../../../../avr/lib/avr5\libm.a(fixsfsi.o)
 .bss           0x00800109        0x0 c:/winavr-20100110/bin/../lib/gcc/avr/4.3.3/../../../../avr/lib/avr5\libm.a(fixunssfsi.o)
 .bss           0x00800109        0x0 c:/winavr-20100110/bin/../lib/gcc/avr/4.3.3/../../../../avr/lib/avr5\libm.a(floatsisf.o)
 .bss           0x00800109        0x0 c:/winavr-20100110/bin/../lib/gcc/avr/4.3.3/../../../../avr/lib/avr5\libm.a(fp_cmp.o)
 .bss           0x00800109        0x0 c:/winavr-20100110/bin/../lib/gcc/avr/4.3.3/../../../../avr/lib/avr5\libm.a(fp_inf.o)
 .bss           0x00800109        0x0 c:/winavr-20100110/bin/../lib/gcc/avr/4.3.3/../../../../avr/lib/avr5\libm.a(fp_nan.o)
 .bss           0x00800109        0x0 c:/winavr-20100110/bin/../lib/gcc/avr/4.3.3/../../../../avr/lib/avr5\libm.a(fp_pscA.o)
 .bss           0x00800109        0x0 c:/winavr-20100110/bin/../lib/gcc/avr/4.3.3/../../../../avr/lib/avr5\libm.a(fp_pscB.o)
 .bss           0x00800109        0x0 c:/winavr-20100110/bin/../lib/gcc/avr/4.3.3/../../../../avr/lib/avr5\libm.a(fp_round.o)
 .bss           0x00800109        0x0 c:/winavr-20100110/bin/../lib/gcc/avr/4.3.3/../../../../avr/lib/avr5\libm.a(fp_split3.o)
 .bss           0x00800109        0x0 c:/winavr-20100110/bin/../lib/gcc/avr/4.3.3/../../../../avr/lib/avr5\libm.a(fp_zero.o)
 .bss           0x00800109        0x0 c:/winavr-20100110/bin/../lib/gcc/avr/4.3.3/../../../../avr/lib/avr5\libm.a(gesf2.o)
 .bss           0x00800109        0x0 c:/winavr-20100110/bin/../lib/gcc/avr/4.3.3/../../../../avr/lib/avr5\libm.a(mulsf3.o)
 .bss           0x00800109        0x0 c:/winavr-20100110/bin/../lib/gcc/avr/4.3.3/../../../../avr/lib/avr5\libm.a(mulsf3x.o)
 .bss           0x00800109        0x0 c:/winavr-20100110/bin/../lib/gcc/avr/4.3.3/avr5\libgcc.a(_divmodhi4.o)
 .bss           0x00800109        0x0 c:/winavr-20100110/bin/../lib/gcc/avr/4.3.3/avr5\libgcc.a(_exit.o)
 .bss           0x00800109        0x0 c:/winavr-20100110/bin/../lib/gcc/avr/4.3.3/avr5\libgcc.a(_copy_data.o)
 .bss           0x00800109        0x0 c:/winavr-20100110/bin/../lib/gcc/avr/4.3.3/avr5\libgcc.a(_clear_bss.o)
 .bss           0x00800109        0x0 c:/winavr-20100110/bin/../lib/gcc/avr/4.3.3/avr5\libgcc.a(_udivmodhi4.o)
 .bss           0x00800109        0x0 c:/winavr-20100110/bin/../lib/gcc/avr/4.3.3/../../../../avr/lib/avr5\libc.a(eerd_byte_atmega16.o)
 .bss           0x00800109        0x0 c:/winavr-20100110/bin/../lib/gcc/avr/4.3.3/../../../../avr/lib/avr5\libc.a(eewr_byte_atmega16.o)
 *(.bss*)
 *(COMMON)
 COMMON         0x00800109      0x2a4 main.o
                0x00800109                control
                0x0080010d                dir_array
                0x00800395                my
                0x00800397                max
                0x0080039b                threshold1
                0x0080039f                min
                0x008003a3                prev_error
                0x008003a7                mx
                0x008003a9                act_error
                0x008003ad                PROVIDE (__bss_end, .)
                0x00002010                __data_load_start = LOADADDR (.data)
                0x000020a0                __data_load_end = (__data_load_start + SIZEOF (.data))

.noinit         0x008003ad        0x0
                0x008003ad                PROVIDE (__noinit_start, .)
 *(.noinit*)
                0x008003ad                PROVIDE (__noinit_end, .)
                0x008003ad                _end = .
                0x008003ad                PROVIDE (__heap_start, .)

.eeprom         0x00810000        0x0
 *(.eeprom*)
                0x00810000                __eeprom_end = .

.fuse
 *(.fuse)
 *(.lfuse)
 *(.hfuse)
 *(.efuse)

.lock
 *(.lock*)

.signature
 *(.signature*)

.stab
 *(.stab)

.stabstr
 *(.stabstr)

.stab.excl
 *(.stab.excl)

.stab.exclstr
 *(.stab.exclstr)

.stab.index
 *(.stab.index)

.stab.indexstr
 *(.stab.indexstr)

.comment
 *(.comment)

.debug
 *(.debug)

.line
 *(.line)

.debug_srcinfo
 *(.debug_srcinfo)

.debug_sfnames
 *(.debug_sfnames)

.debug_aranges  0x00000000       0x20
 *(.debug_aranges)
 .debug_aranges
                0x00000000       0x20 main.o

.debug_pubnames
                0x00000000      0x602
 *(.debug_pubnames)
 .debug_pubnames
                0x00000000      0x602 main.o

.debug_info     0x00000000     0x186e
 *(.debug_info)
 .debug_info    0x00000000     0x186e main.o
 *(.gnu.linkonce.wi.*)

.debug_abbrev   0x00000000      0x3e8
 *(.debug_abbrev)
 .debug_abbrev  0x00000000      0x3e8 main.o

.debug_line     0x00000000     0x1b8c
 *(.debug_line)
 .debug_line    0x00000000     0x1b8c main.o

.debug_frame    0x00000000      0x410
 *(.debug_frame)
 .debug_frame   0x00000000      0x410 main.o

.debug_str      0x00000000      0x5ea
 *(.debug_str)
 .debug_str     0x00000000      0x5ea main.o
                                0x63f (size before relaxing)

.debug_loc      0x00000000      0x7a2
 *(.debug_loc)
 .debug_loc     0x00000000      0x7a2 main.o

.debug_macinfo
 *(.debug_macinfo)
OUTPUT(main.elf elf32-avr)
LOAD linker stubs

.debug_ranges   0x00000000      0x180
 .debug_ranges  0x00000000      0x180 main.o

Cross Reference Table

Symbol                                            File
Coordinates_changed_by                            main.o
Uturn                                             main.o
__addsf3                                          c:/winavr-20100110/bin/../lib/gcc/avr/4.3.3/../../../../avr/lib/avr5\libm.a(addsf3.o)
                                                  main.o
__addsf3x                                         c:/winavr-20100110/bin/../lib/gcc/avr/4.3.3/../../../../avr/lib/avr5\libm.a(addsf3x.o)
                                                  c:/winavr-20100110/bin/../lib/gcc/avr/4.3.3/../../../../avr/lib/avr5\libm.a(addsf3.o)
__bad_interrupt                                   c:/winavr-20100110/bin/../lib/gcc/avr/4.3.3/../../../../avr/lib/avr5/crtm16.o
__bss_end                                         c:/winavr-20100110/bin/../lib/gcc/avr/4.3.3/avr5\libgcc.a(_clear_bss.o)
__bss_start                                       c:/winavr-20100110/bin/../lib/gcc/avr/4.3.3/avr5\libgcc.a(_clear_bss.o)
__cmpsf2                                          c:/winavr-20100110/bin/../lib/gcc/avr/4.3.3/../../../../avr/lib/avr5\libm.a(cmpsf2.o)
__data_end                                        c:/winavr-20100110/bin/../lib/gcc/avr/4.3.3/avr5\libgcc.a(_copy_data.o)
__data_load_start                                 c:/winavr-20100110/bin/../lib/gcc/avr/4.3.3/avr5\libgcc.a(_copy_data.o)
__data_start                                      c:/winavr-20100110/bin/../lib/gcc/avr/4.3.3/avr5\libgcc.a(_copy_data.o)
__divmodhi4                                       c:/winavr-20100110/bin/../lib/gcc/avr/4.3.3/avr5\libgcc.a(_divmodhi4.o)
                                                  main.o
__divsf3                                          c:/winavr-20100110/bin/../lib/gcc/avr/4.3.3/../../../../avr/lib/avr5\libm.a(divsf3.o)
                                                  main.o
__divsf3_pse                                      c:/winavr-20100110/bin/../lib/gcc/avr/4.3.3/../../../../avr/lib/avr5\libm.a(divsf3x.o)
__divsf3x                                         c:/winavr-20100110/bin/../lib/gcc/avr/4.3.3/../../../../avr/lib/avr5\libm.a(divsf3x.o)
                                                  c:/winavr-20100110/bin/../lib/gcc/avr/4.3.3/../../../../avr/lib/avr5\libm.a(divsf3.o)
__do_clear_bss                                    c:/winavr-20100110/bin/../lib/gcc/avr/4.3.3/avr5\libgcc.a(_clear_bss.o)
                                                  main.o
__do_copy_data                                    c:/winavr-20100110/bin/../lib/gcc/avr/4.3.3/avr5\libgcc.a(_copy_data.o)
                                                  main.o
__eerd_byte_m16                                   c:/winavr-20100110/bin/../lib/gcc/avr/4.3.3/../../../../avr/lib/avr5\libc.a(eerd_byte_atmega16.o)
                                                  main.o
__eewr_byte_m16                                   c:/winavr-20100110/bin/../lib/gcc/avr/4.3.3/../../../../avr/lib/avr5\libc.a(eewr_byte_atmega16.o)
                                                  main.o
__eewr_r18_m16                                    c:/winavr-20100110/bin/../lib/gcc/avr/4.3.3/../../../../avr/lib/avr5\libc.a(eewr_byte_atmega16.o)
__eqsf2                                           c:/winavr-20100110/bin/../lib/gcc/avr/4.3.3/../../../../avr/lib/avr5\libm.a(cmpsf2.o)
__fixsfsi                                         c:/winavr-20100110/bin/../lib/gcc/avr/4.3.3/../../../../avr/lib/avr5\libm.a(fixsfsi.o)
                                                  main.o
__fixunssfsi                                      c:/winavr-20100110/bin/../lib/gcc/avr/4.3.3/../../../../avr/lib/avr5\libm.a(fixunssfsi.o)
                                                  c:/winavr-20100110/bin/../lib/gcc/avr/4.3.3/../../../../avr/lib/avr5\libm.a(fixsfsi.o)
                                                  main.o
__floatsisf                                       c:/winavr-20100110/bin/../lib/gcc/avr/4.3.3/../../../../avr/lib/avr5\libm.a(floatsisf.o)
                                                  main.o
__floatunsisf                                     c:/winavr-20100110/bin/../lib/gcc/avr/4.3.3/../../../../avr/lib/avr5\libm.a(floatsisf.o)
                                                  main.o
__fp_cmp                                          c:/winavr-20100110/bin/../lib/gcc/avr/4.3.3/../../../../avr/lib/avr5\libm.a(fp_cmp.o)
                                                  c:/winavr-20100110/bin/../lib/gcc/avr/4.3.3/../../../../avr/lib/avr5\libm.a(gesf2.o)
                                                  c:/winavr-20100110/bin/../lib/gcc/avr/4.3.3/../../../../avr/lib/avr5\libm.a(cmpsf2.o)
__fp_inf                                          c:/winavr-20100110/bin/../lib/gcc/avr/4.3.3/../../../../avr/lib/avr5\libm.a(fp_inf.o)
                                                  c:/winavr-20100110/bin/../lib/gcc/avr/4.3.3/../../../../avr/lib/avr5\libm.a(mulsf3x.o)
                                                  c:/winavr-20100110/bin/../lib/gcc/avr/4.3.3/../../../../avr/lib/avr5\libm.a(divsf3x.o)
                                                  c:/winavr-20100110/bin/../lib/gcc/avr/4.3.3/../../../../avr/lib/avr5\libm.a(addsf3x.o)
__fp_nan                                          c:/winavr-20100110/bin/../lib/gcc/avr/4.3.3/../../../../avr/lib/avr5\libm.a(fp_nan.o)
                                                  c:/winavr-20100110/bin/../lib/gcc/avr/4.3.3/../../../../avr/lib/avr5\libm.a(mulsf3x.o)
                                                  c:/winavr-20100110/bin/../lib/gcc/avr/4.3.3/../../../../avr/lib/avr5\libm.a(divsf3x.o)
                                                  c:/winavr-20100110/bin/../lib/gcc/avr/4.3.3/../../../../avr/lib/avr5\libm.a(addsf3x.o)
__fp_pscA                                         c:/winavr-20100110/bin/../lib/gcc/avr/4.3.3/../../../../avr/lib/avr5\libm.a(fp_pscA.o)
                                                  c:/winavr-20100110/bin/../lib/gcc/avr/4.3.3/../../../../avr/lib/avr5\libm.a(mulsf3x.o)
                                                  c:/winavr-20100110/bin/../lib/gcc/avr/4.3.3/../../../../avr/lib/avr5\libm.a(divsf3x.o)
                                                  c:/winavr-20100110/bin/../lib/gcc/avr/4.3.3/../../../../avr/lib/avr5\libm.a(addsf3x.o)
__fp_pscB                                         c:/winavr-20100110/bin/../lib/gcc/avr/4.3.3/../../../../avr/lib/avr5\libm.a(fp_pscB.o)
                                                  c:/winavr-20100110/bin/../lib/gcc/avr/4.3.3/../../../../avr/lib/avr5\libm.a(mulsf3x.o)
                                                  c:/winavr-20100110/bin/../lib/gcc/avr/4.3.3/../../../../avr/lib/avr5\libm.a(divsf3x.o)
                                                  c:/winavr-20100110/bin/../lib/gcc/avr/4.3.3/../../../../avr/lib/avr5\libm.a(addsf3x.o)
__fp_round                                        c:/winavr-20100110/bin/../lib/gcc/avr/4.3.3/../../../../avr/lib/avr5\libm.a(fp_round.o)
                                                  c:/winavr-20100110/bin/../lib/gcc/avr/4.3.3/../../../../avr/lib/avr5\libm.a(mulsf3.o)
                                                  c:/winavr-20100110/bin/../lib/gcc/avr/4.3.3/../../../../avr/lib/avr5\libm.a(divsf3.o)
                                                  c:/winavr-20100110/bin/../lib/gcc/avr/4.3.3/../../../../avr/lib/avr5\libm.a(addsf3.o)
__fp_split3                                       c:/winavr-20100110/bin/../lib/gcc/avr/4.3.3/../../../../avr/lib/avr5\libm.a(fp_split3.o)
                                                  c:/winavr-20100110/bin/../lib/gcc/avr/4.3.3/../../../../avr/lib/avr5\libm.a(mulsf3x.o)
                                                  c:/winavr-20100110/bin/../lib/gcc/avr/4.3.3/../../../../avr/lib/avr5\libm.a(divsf3x.o)
                                                  c:/winavr-20100110/bin/../lib/gcc/avr/4.3.3/../../../../avr/lib/avr5\libm.a(addsf3x.o)
__fp_splitA                                       c:/winavr-20100110/bin/../lib/gcc/avr/4.3.3/../../../../avr/lib/avr5\libm.a(fp_split3.o)
                                                  c:/winavr-20100110/bin/../lib/gcc/avr/4.3.3/../../../../avr/lib/avr5\libm.a(fixunssfsi.o)
__fp_szero                                        c:/winavr-20100110/bin/../lib/gcc/avr/4.3.3/../../../../avr/lib/avr5\libm.a(fp_zero.o)
                                                  c:/winavr-20100110/bin/../lib/gcc/avr/4.3.3/../../../../avr/lib/avr5\libm.a(mulsf3x.o)
                                                  c:/winavr-20100110/bin/../lib/gcc/avr/4.3.3/../../../../avr/lib/avr5\libm.a(fixsfsi.o)
                                                  c:/winavr-20100110/bin/../lib/gcc/avr/4.3.3/../../../../avr/lib/avr5\libm.a(divsf3x.o)
__fp_zero                                         c:/winavr-20100110/bin/../lib/gcc/avr/4.3.3/../../../../avr/lib/avr5\libm.a(fp_zero.o)
                                                  c:/winavr-20100110/bin/../lib/gcc/avr/4.3.3/../../../../avr/lib/avr5\libm.a(fixunssfsi.o)
                                                  c:/winavr-20100110/bin/../lib/gcc/avr/4.3.3/../../../../avr/lib/avr5\libm.a(addsf3x.o)
__gesf2                                           c:/winavr-20100110/bin/../lib/gcc/avr/4.3.3/../../../../avr/lib/avr5\libm.a(gesf2.o)
__gtsf2                                           c:/winavr-20100110/bin/../lib/gcc/avr/4.3.3/../../../../avr/lib/avr5\libm.a(gesf2.o)
                                                  main.o
__heap_end                                        c:/winavr-20100110/bin/../lib/gcc/avr/4.3.3/../../../../avr/lib/avr5/crtm16.o
__init                                            c:/winavr-20100110/bin/../lib/gcc/avr/4.3.3/../../../../avr/lib/avr5/crtm16.o
__lesf2                                           c:/winavr-20100110/bin/../lib/gcc/avr/4.3.3/../../../../avr/lib/avr5\libm.a(cmpsf2.o)
__ltsf2                                           c:/winavr-20100110/bin/../lib/gcc/avr/4.3.3/../../../../avr/lib/avr5\libm.a(cmpsf2.o)
                                                  main.o
__mulsf3                                          c:/winavr-20100110/bin/../lib/gcc/avr/4.3.3/../../../../avr/lib/avr5\libm.a(mulsf3.o)
                                                  main.o
__mulsf3_pse                                      c:/winavr-20100110/bin/../lib/gcc/avr/4.3.3/../../../../avr/lib/avr5\libm.a(mulsf3x.o)
__mulsf3x                                         c:/winavr-20100110/bin/../lib/gcc/avr/4.3.3/../../../../avr/lib/avr5\libm.a(mulsf3x.o)
                                                  c:/winavr-20100110/bin/../lib/gcc/avr/4.3.3/../../../../avr/lib/avr5\libm.a(mulsf3.o)
__nesf2                                           c:/winavr-20100110/bin/../lib/gcc/avr/4.3.3/../../../../avr/lib/avr5\libm.a(cmpsf2.o)
__stack                                           c:/winavr-20100110/bin/../lib/gcc/avr/4.3.3/../../../../avr/lib/avr5/crtm16.o
__subsf3                                          c:/winavr-20100110/bin/../lib/gcc/avr/4.3.3/../../../../avr/lib/avr5\libm.a(addsf3.o)
                                                  main.o
__udivmodhi4                                      c:/winavr-20100110/bin/../lib/gcc/avr/4.3.3/avr5\libgcc.a(_udivmodhi4.o)
                                                  c:/winavr-20100110/bin/../lib/gcc/avr/4.3.3/avr5\libgcc.a(_divmodhi4.o)
__vector_1                                        c:/winavr-20100110/bin/../lib/gcc/avr/4.3.3/../../../../avr/lib/avr5/crtm16.o
__vector_10                                       c:/winavr-20100110/bin/../lib/gcc/avr/4.3.3/../../../../avr/lib/avr5/crtm16.o
__vector_11                                       c:/winavr-20100110/bin/../lib/gcc/avr/4.3.3/../../../../avr/lib/avr5/crtm16.o
__vector_12                                       c:/winavr-20100110/bin/../lib/gcc/avr/4.3.3/../../../../avr/lib/avr5/crtm16.o
__vector_13                                       c:/winavr-20100110/bin/../lib/gcc/avr/4.3.3/../../../../avr/lib/avr5/crtm16.o
__vector_14                                       c:/winavr-20100110/bin/../lib/gcc/avr/4.3.3/../../../../avr/lib/avr5/crtm16.o
__vector_15                                       c:/winavr-20100110/bin/../lib/gcc/avr/4.3.3/../../../../avr/lib/avr5/crtm16.o
__vector_16                                       c:/winavr-20100110/bin/../lib/gcc/avr/4.3.3/../../../../avr/lib/avr5/crtm16.o
__vector_17                                       c:/winavr-20100110/bin/../lib/gcc/avr/4.3.3/../../../../avr/lib/avr5/crtm16.o
__vector_18                                       c:/winavr-20100110/bin/../lib/gcc/avr/4.3.3/../../../../avr/lib/avr5/crtm16.o
__vector_19                                       c:/winavr-20100110/bin/../lib/gcc/avr/4.3.3/../../../../avr/lib/avr5/crtm16.o
__vector_2                                        c:/winavr-20100110/bin/../lib/gcc/avr/4.3.3/../../../../avr/lib/avr5/crtm16.o
__vector_20                                       c:/winavr-20100110/bin/../lib/gcc/avr/4.3.3/../../../../avr/lib/avr5/crtm16.o
__vector_3                                        c:/winavr-20100110/bin/../lib/gcc/avr/4.3.3/../../../../avr/lib/avr5/crtm16.o
__vector_4                                        c:/winavr-20100110/bin/../lib/gcc/avr/4.3.3/../../../../avr/lib/avr5/crtm16.o
__vector_5                                        c:/winavr-20100110/bin/../lib/gcc/avr/4.3.3/../../../../avr/lib/avr5/crtm16.o
__vector_6                                        c:/winavr-20100110/bin/../lib/gcc/avr/4.3.3/../../../../avr/lib/avr5/crtm16.o
__vector_7                                        c:/winavr-20100110/bin/../lib/gcc/avr/4.3.3/../../../../avr/lib/avr5/crtm16.o
__vector_8                                        c:/winavr-20100110/bin/../lib/gcc/avr/4.3.3/../../../../avr/lib/avr5/crtm16.o
__vector_9                                        c:/winavr-20100110/bin/../lib/gcc/avr/4.3.3/../../../../avr/lib/avr5/crtm16.o
__vector_default                                  c:/winavr-20100110/bin/../lib/gcc/avr/4.3.3/../../../../avr/lib/avr5/crtm16.o
__vectors                                         c:/winavr-20100110/bin/../lib/gcc/avr/4.3.3/../../../../avr/lib/avr5/crtm16.o
_div                                              c:/winavr-20100110/bin/../lib/gcc/avr/4.3.3/avr5\libgcc.a(_divmodhi4.o)
_exit                                             c:/winavr-20100110/bin/../lib/gcc/avr/4.3.3/avr5\libgcc.a(_exit.o)
act_error                                         main.o
adc_init                                          main.o
adc_start                                         main.o
bot_backward                                      main.o
bot_brake                                         main.o
bot_forward                                       main.o
bot_left                                          main.o
bot_left_backward                                 main.o
bot_left_forward                                  main.o
bot_motion_init                                   main.o
bot_right                                         main.o
bot_right_backward                                main.o
bot_right_forward                                 main.o
bot_spot_left                                     main.o
bot_spot_right                                    main.o
bot_stop                                          main.o
calibrate_black                                   main.o
calibrate_white                                   main.o
check_sensors                                     main.o
control                                           main.o
coordinates_tobe_reached                          main.o
delay_microsec                                    main.o
delay_millisec                                    main.o
delay_sec                                         main.o
dir                                               main.o
dir_array                                         main.o
exit                                              c:/winavr-20100110/bin/../lib/gcc/avr/4.3.3/avr5\libgcc.a(_exit.o)
                                                  c:/winavr-20100110/bin/../lib/gcc/avr/4.3.3/../../../../avr/lib/avr5/crtm16.o
fill_missed_array                                 main.o
flag1                                             main.o
flcount                                           main.o
flick                                             main.o
frSensorCheck                                     main.o
init_devices                                      main.o
irc                                               main.o
is_coordinate_null                                main.o
kd                                                main.o
kp                                                main.o
l                                                 main.o
lcd_busy_loop                                     main.o
lcd_byte                                          main.o
lcd_goto_xy                                       main.o
lcd_init                                          main.o
lcd_write_int                                     main.o
lcd_write_int_xy                                  main.o
lcd_write_string                                  main.o
lcd_write_string_xy                               main.o
lcount                                            main.o
lcountPrev                                        main.o
lcount_forStraight_prev                           main.o
left_count                                        main.o
left_junc_check                                   main.o
line_track                                        main.o
line_track_new                                    main.o
main                                              main.o
                                                  c:/winavr-20100110/bin/../lib/gcc/avr/4.3.3/../../../../avr/lib/avr5/crtm16.o
max                                               main.o
min                                               main.o
mpos                                              main.o
mx                                                main.o
my                                                main.o
opt                                               main.o
port_init                                         main.o
pressed_switch0                                   main.o
pressed_switch1                                   main.o
pressed_switch2                                   main.o
pressed_switch3                                   main.o
prev_error                                        main.o
pwm1_init                                         main.o
retrieve_threshold                                main.o
right_junc_check                                  main.o
sense_of_directon                                 main.o
sensorbyte                                        main.o
set_pwm1a                                         main.o
set_pwm1b                                         main.o
set_threshold                                     main.o
special_case_check                                main.o
straight                                          main.o
switch_init                                       main.o
temp                                              main.o
temp_forStraight                                  main.o
threshold1                                        main.o
turn                                              main.o
turn_left                                         main.o
turn_right                                        main.o
update_array                                      main.o
update_coordinates                                main.o
usart_init                                        main.o
usart_receive_char                                main.o
usart_transmit_char                               main.o
usart_transmit_newline                            main.o
usart_transmit_string                             main.o
x_coordinate                                      main.o
y_coordinate                                      main.o
